// Jest Snapshot v1, https://goo.gl/fbAQLP

exports[`renders DoctorList component correctly 1`] = `
<div
  className="card m-2"
  style={
    Object {
      "cursor": "pointer",
    }
  }
>
  <div
    className="card-header"
    style={
      Object {
        "fontWeight": "bold",
        "textAlign": "center",
      }
    }
  >
    Dr. 
    John
     
    Doe
  </div>
  <div
    className="card-body"
  >
    <p>
      <b>
        Specialization:
      </b>
       
      Cardiology
    </p>
    <p>
      <b>
        Experience:
      </b>
       
      10 years
    </p>
    <p>
      <b>
        Fees Per Consultation:
      </b>
       
      $100
    </p>
    <p>
      <b>
        Timings:
      </b>
       
      09:00 AM
       - 
      05:00 PM
    </p>
    <div
      className="admin-actions"
    >
      <button
        className="m-1 btn btn-success"
        onClick={[Function]}
      >
        Approve
      </button>
      <button
        className="m-1 btn btn-danger"
        onClick={[Function]}
      >
        Reject
      </button>
    </div>
  </div>
</div>
`;
